
> frontend@0.1.0 build
> next build

▲ Next.js 16.1.6 (Turbopack)

  Creating an optimized production build ...
✓ Compiled successfully in 9.3s
  Running TypeScript ...
node.exe : Failed to compile.
At line:1 char:1
+ & "C:\Program 
Files\nodejs/node.exe" 
"C:\Program Files\nodejs/node_mo 
...
+ ~~~~~~~~~~~~~~~~~~~~~~~~~~~~~~~~
~~~~~~~~~~~~~~~~~~~~~~~~~~~~~~~~~~
~~~
    + CategoryInfo          : Not 
   Specified: (Failed to compile  
  .:String) [], RemoteException
    + FullyQualifiedErrorId : Nat 
   iveCommandError
 

./src/app/(dashboard)/member/dashb
oard/page.tsx:43:29
Type error: Type '{ children: 
Element; asChild: true; variant: 
"outline"; }' is not assignable 
to type 'IntrinsicAttributes & 
ButtonProps & 
VariantProps<(props?: 
(ConfigVariants<{ variant: { 
default: string; outline: string; 
secondary: string; ghost: string; 
destructive: string; link: 
string; }; size: { ...; }; }> & 
ClassProp) | undefined) => 
string>'.
  Property 'asChild' does not 
exist on type 
'IntrinsicAttributes & 
ButtonProps & 
VariantProps<(props?: 
(ConfigVariants<{ variant: { 
default: string; outline: string; 
secondary: string; ghost: string; 
destructive: string; link: 
string; }; size: { ...; }; }> & 
ClassProp) | undefined) => 
string>'.

[0m [90m 41 |[39m              
   [33m<[39m[33mh1[39m classNa
me[33m=[39m[32m"text-3xl 
font-bold tracking-tight"[39m[33
m>[39m[33mMember[39m [33mDashb
oard[39m[33m<[39m[33m/[39m[3
3mh1[39m[33m>[39m
 [90m 42 |[39m                 
[33m<[39m[33mdiv[39m className
[33m=[39m[32m"space-x-2"[39m[
33m>[39m
[31m[1m>[22m[39m[90m 43 
|[39m                     
[33m<[39m[33mButton[39m 
asChild variant[33m=[39m[32m"ou
tline"[39m[33m>[39m
 [90m    |[39m                  
           [31m[1m^[22m[39m
 [90m 44 |[39m                  
       [33m<[39m[33mLink[39m h
ref[33m=[39m[32m"/member/deposi
ts"[39m[33m>[39m[33mView[39m 
[33mDeposits[39m[33m<[39m[33m
/[39m[33mLink[39m[33m>[39m
 [90m 45 |[39m                  
   [33m<[39m[33m/[39m[33mButt
on[39m[33m>[39m
 [90m 46 |[39m                  
   [33m<[39m[33mButton[39m 
asChild[33m>[39m[0m
Next.js build worker exited with 
code: 1 and signal: null
