
> frontend@0.1.0 build
> next build

▲ Next.js 16.1.6 (Turbopack)

  Creating an optimized production build ...
✓ Compiled successfully in 15.3s
  Running TypeScript ...
node.exe : Failed to compile.
At line:1 char:1
+ & "C:\Program 
Files\nodejs/node.exe" 
"C:\Program 
Files\nodejs/node_mo ...
+ ~~~~~~~~~~~~~~~~~~~~~~~~~~~~
~~~~~~~~~~~~~~~~~~~~~~~~~~~~~~
~~~~~~~~~~~
    + CategoryInfo          : 
Not    Specified: (Failed to 
compile    .:String) [], 
RemoteException
    + FullyQualifiedErrorId : 
Nat    iveCommandError
 

./src/app/(dashboard)/admin/de
posits/page.tsx:115:36
Type error: Type '{ children: 
Element; asChild: true; }' is 
not assignable to type 
'IntrinsicAttributes & 
Props<unknown>'.
  Property 'asChild' does not 
exist on type 
'IntrinsicAttributes & 
Props<unknown>'.

[0m [90m 113 |[39m         
        
[33m<[39m[33mh1[39m classN
ame[33m=[39m[32m"text-3xl 
font-bold tracking-tight"[39m
[33m>[39m[33mDeposit[39m 
[33mApprovals[39m[33m<[39m
[33m/[39m[33mh1[39m[33m>[
39m
 [90m 114 |[39m             
    
[33m<[39m[33mDialog[39m 
open[33m=[39m{open} onOpenCh
ange[33m=[39m{setOpen}[33m>
[39m
[31m[1m>[22m[39m[90m 115 
|[39m                     [3
3m<[39m[33mDialogTrigger[39
m asChild[33m>[39m
 [90m     |[39m             
                       
[31m[1m^[22m[39m
 [90m 116 |[39m             
            [33m<[39m[33mBu
tton[39m[33m>[39m[33mRecor
d[39m [33mManual[39m [33mD
eposit[39m[33m<[39m[33m/[
39m[33mButton[39m[33m>[39m
 [90m 117 |[39m             
        [33m<[39m[33m/[39m
[33mDialogTrigger[39m[33m>
[39m
 [90m 118 |[39m             
        [33m<[39m[33mDialog
Content[39m className[33m=[
39m[32m"sm:max-w-[425px]"[39
m[33m>[39m[0m
Next.js build worker exited 
with code: 1 and signal: null
